[0m10:53:37.928963 [debug] [MainThread]: Sending event: {'category': 'dbt', 'action': 'invocation', 'label': 'start', 'context': [<snowplow_tracker.self_describing_json.SelfDescribingJson object at 0x7f0871efc400>, <snowplow_tracker.self_describing_json.SelfDescribingJson object at 0x7f0871079630>, <snowplow_tracker.self_describing_json.SelfDescribingJson object at 0x7f08710795d0>]}


============================== 10:53:37.932391 | b84a85c9-8ec2-41c6-8361-0c2f5aa42758 ==============================
[0m10:53:37.932391 [info ] [MainThread]: Running with dbt=1.9.2
[0m10:53:37.933012 [debug] [MainThread]: running dbt with arguments {'printer_width': '80', 'indirect_selection': 'eager', 'log_cache_events': 'False', 'write_json': 'True', 'partial_parse': 'True', 'cache_selected_only': 'False', 'profiles_dir': '/home/biscuit/NTU-Project-Data-Science-AI/dbt_yfinance', 'debug': 'False', 'warn_error': 'None', 'log_path': 'logs', 'version_check': 'True', 'fail_fast': 'False', 'use_colors': 'True', 'use_experimental_parser': 'False', 'empty': 'False', 'quiet': 'False', 'no_print': 'None', 'warn_error_options': 'WarnErrorOptions(include=[], exclude=[])', 'introspect': 'True', 'invocation_command': 'dbt run', 'log_format': 'default', 'target_path': 'None', 'static_parser': 'True', 'send_anonymous_usage_stats': 'True'}
[0m10:53:37.933522 [error] [MainThread]: Encountered an error:
Runtime Error
  No dbt_project.yml found at expected path /home/biscuit/NTU-Project-Data-Science-AI/ingestion_pipe/dbt_project.yml
  Verify that each entry within packages.yml (and their transitive dependencies) contains a file named dbt_project.yml
  
[0m10:53:37.936357 [debug] [MainThread]: Resource report: {"command_name": "run", "command_success": false, "command_wall_clock_time": 0.08192903, "process_in_blocks": "24", "process_kernel_time": 0.099725, "process_mem_max_rss": "92816", "process_out_blocks": "8", "process_user_time": 1.326352}
[0m10:53:37.938889 [debug] [MainThread]: Command `dbt run` failed at 10:53:37.938552 after 0.09 seconds
[0m10:53:37.939405 [debug] [MainThread]: Sending event: {'category': 'dbt', 'action': 'invocation', 'label': 'end', 'context': [<snowplow_tracker.self_describing_json.SelfDescribingJson object at 0x7f0871efc400>, <snowplow_tracker.self_describing_json.SelfDescribingJson object at 0x7f0871079cf0>, <snowplow_tracker.self_describing_json.SelfDescribingJson object at 0x7f0871079630>]}
[0m10:53:37.939850 [debug] [MainThread]: Flushing usage events
[0m10:53:39.276991 [debug] [MainThread]: An error was encountered while trying to flush usage events
[0m18:31:58.182194 [debug] [MainThread]: Sending event: {'category': 'dbt', 'action': 'invocation', 'label': 'start', 'context': [<snowplow_tracker.self_describing_json.SelfDescribingJson object at 0x7f31d27644f0>, <snowplow_tracker.self_describing_json.SelfDescribingJson object at 0x7f31d1909600>, <snowplow_tracker.self_describing_json.SelfDescribingJson object at 0x7f31d19095a0>]}


============================== 18:31:58.185356 | f8b16841-e70e-49f3-b01d-658574621814 ==============================
[0m18:31:58.185356 [info ] [MainThread]: Running with dbt=1.9.2
[0m18:31:58.186107 [debug] [MainThread]: running dbt with arguments {'printer_width': '80', 'indirect_selection': 'eager', 'write_json': 'True', 'log_cache_events': 'False', 'partial_parse': 'True', 'cache_selected_only': 'False', 'profiles_dir': '/home/biscuit/NTU-Project-Data-Science-AI/dbt_yfinance', 'fail_fast': 'False', 'debug': 'False', 'log_path': 'logs', 'warn_error': 'None', 'version_check': 'True', 'use_colors': 'True', 'use_experimental_parser': 'False', 'empty': 'None', 'quiet': 'False', 'no_print': 'None', 'warn_error_options': 'WarnErrorOptions(include=[], exclude=[])', 'introspect': 'True', 'log_format': 'default', 'static_parser': 'True', 'target_path': 'None', 'invocation_command': 'dbt debug', 'send_anonymous_usage_stats': 'True'}
[0m18:31:58.195512 [info ] [MainThread]: dbt version: 1.9.2
[0m18:31:58.196030 [info ] [MainThread]: python version: 3.10.17
[0m18:31:58.196380 [info ] [MainThread]: python path: /home/biscuit/miniconda3/envs/NTUProj/bin/python
[0m18:31:58.196750 [info ] [MainThread]: os info: Linux-5.15.153.1-microsoft-standard-WSL2-x86_64-with-glibc2.39
[0m18:31:59.006032 [info ] [MainThread]: Using profiles dir at /home/biscuit/NTU-Project-Data-Science-AI/dbt_yfinance
[0m18:31:59.006677 [info ] [MainThread]: Using profiles.yml file at /home/biscuit/NTU-Project-Data-Science-AI/dbt_yfinance/profiles.yml
[0m18:31:59.007061 [info ] [MainThread]: Using dbt_project.yml file at /home/biscuit/NTU-Project-Data-Science-AI/ingestion_pipe/dbt_project.yml
[0m18:31:59.007493 [info ] [MainThread]: adapter type: bigquery
[0m18:31:59.007851 [info ] [MainThread]: adapter version: 1.9.1
[0m18:31:59.008196 [info ] [MainThread]: Configuration:
[0m18:31:59.008574 [info ] [MainThread]:   profiles.yml file [[32mOK found and valid[0m]
[0m18:31:59.008971 [info ] [MainThread]:   dbt_project.yml file [[31mERROR not found[0m]
[0m18:31:59.009385 [info ] [MainThread]: Required dependencies:
[0m18:31:59.009963 [debug] [MainThread]: Executing "git --help"
[0m18:31:59.016933 [debug] [MainThread]: STDOUT: "b"usage: git [-v | --version] [-h | --help] [-C <path>] [-c <name>=<value>]\n           [--exec-path[=<path>]] [--html-path] [--man-path] [--info-path]\n           [-p | --paginate | -P | --no-pager] [--no-replace-objects] [--no-lazy-fetch]\n           [--no-optional-locks] [--no-advice] [--bare] [--git-dir=<path>]\n           [--work-tree=<path>] [--namespace=<name>] [--config-env=<name>=<envvar>]\n           <command> [<args>]\n\nThese are common Git commands used in various situations:\n\nstart a working area (see also: git help tutorial)\n   clone      Clone a repository into a new directory\n   init       Create an empty Git repository or reinitialize an existing one\n\nwork on the current change (see also: git help everyday)\n   add        Add file contents to the index\n   mv         Move or rename a file, a directory, or a symlink\n   restore    Restore working tree files\n   rm         Remove files from the working tree and from the index\n\nexamine the history and state (see also: git help revisions)\n   bisect     Use binary search to find the commit that introduced a bug\n   diff       Show changes between commits, commit and working tree, etc\n   grep       Print lines matching a pattern\n   log        Show commit logs\n   show       Show various types of objects\n   status     Show the working tree status\n\ngrow, mark and tweak your common history\n   backfill   Download missing objects in a partial clone\n   branch     List, create, or delete branches\n   commit     Record changes to the repository\n   merge      Join two or more development histories together\n   rebase     Reapply commits on top of another base tip\n   reset      Reset current HEAD to the specified state\n   switch     Switch branches\n   tag        Create, list, delete or verify a tag object signed with GPG\n\ncollaborate (see also: git help workflows)\n   fetch      Download objects and refs from another repository\n   pull       Fetch from and integrate with another repository or a local branch\n   push       Update remote refs along with associated objects\n\n'git help -a' and 'git help -g' list available subcommands and some\nconcept guides. See 'git help <command>' or 'git help <concept>'\nto read about a specific subcommand or concept.\nSee 'git help git' for an overview of the system.\n""
[0m18:31:59.017620 [debug] [MainThread]: STDERR: "b''"
[0m18:31:59.017906 [info ] [MainThread]:  - git [[32mOK found[0m]

[0m18:31:59.018265 [info ] [MainThread]: Connection:
[0m18:31:59.018578 [info ] [MainThread]:   method: service-account
[0m18:31:59.018885 [info ] [MainThread]:   database: meta-sanctum-461903-p3
[0m18:31:59.019141 [info ] [MainThread]:   execution_project: meta-sanctum-461903-p3
[0m18:31:59.019426 [info ] [MainThread]:   schema: stock_analysis
[0m18:31:59.019752 [info ] [MainThread]:   location: us
[0m18:31:59.020125 [info ] [MainThread]:   priority: None
[0m18:31:59.020440 [info ] [MainThread]:   maximum_bytes_billed: None
[0m18:31:59.020706 [info ] [MainThread]:   impersonate_service_account: None
[0m18:31:59.020995 [info ] [MainThread]:   job_retry_deadline_seconds: None
[0m18:31:59.021299 [info ] [MainThread]:   job_retries: 1
[0m18:31:59.021552 [info ] [MainThread]:   job_creation_timeout_seconds: None
[0m18:31:59.021816 [info ] [MainThread]:   job_execution_timeout_seconds: 300
[0m18:31:59.022086 [info ] [MainThread]:   timeout_seconds: 300
[0m18:31:59.022352 [info ] [MainThread]:   client_id: None
[0m18:31:59.022595 [info ] [MainThread]:   token_uri: None
[0m18:31:59.022836 [info ] [MainThread]:   dataproc_region: None
[0m18:31:59.023077 [info ] [MainThread]:   dataproc_cluster_name: None
[0m18:31:59.023316 [info ] [MainThread]:   gcs_bucket: None
[0m18:31:59.023555 [info ] [MainThread]:   dataproc_batch: None
[0m18:31:59.024018 [info ] [MainThread]: Registered adapter: bigquery=1.9.1
[0m18:31:59.135654 [debug] [MainThread]: Acquiring new bigquery connection 'debug'
[0m18:31:59.136091 [debug] [MainThread]: On debug: select 1 as id
[0m18:31:59.136460 [debug] [MainThread]: Opening a new connection, currently in state init
[0m18:31:59.844643 [debug] [MainThread]: BigQuery adapter: https://console.cloud.google.com/bigquery?project=meta-sanctum-461903-p3&j=bq:US:71df6217-33a0-4539-979d-567004314008&page=queryresults
[0m18:32:00.677492 [info ] [MainThread]:   Connection test: [[32mOK connection ok[0m]

[0m18:32:00.678151 [info ] [MainThread]: [31m1 check failed:[0m
[0m18:32:00.678804 [info ] [MainThread]: Project loading failed for the following reason:
 project path </home/biscuit/NTU-Project-Data-Science-AI/ingestion_pipe/dbt_project.yml> not found

[0m18:32:00.679548 [debug] [MainThread]: Resource report: {"command_name": "debug", "command_success": false, "command_wall_clock_time": 2.5526083, "process_in_blocks": "88", "process_kernel_time": 0.754075, "process_mem_max_rss": "240412", "process_out_blocks": "32", "process_user_time": 2.252171}
[0m18:32:00.680258 [debug] [MainThread]: Command `dbt debug` failed at 18:32:00.680045 after 2.55 seconds
[0m18:32:00.680986 [debug] [MainThread]: Connection 'debug' was properly closed.
[0m18:32:00.681917 [debug] [MainThread]: Sending event: {'category': 'dbt', 'action': 'invocation', 'label': 'end', 'context': [<snowplow_tracker.self_describing_json.SelfDescribingJson object at 0x7f31d27644f0>, <snowplow_tracker.self_describing_json.SelfDescribingJson object at 0x7f31add2a830>, <snowplow_tracker.self_describing_json.SelfDescribingJson object at 0x7f31add2a7d0>]}
[0m18:32:00.682462 [debug] [MainThread]: Flushing usage events
[0m18:32:01.902895 [debug] [MainThread]: An error was encountered while trying to flush usage events
